  Determinando os projetos a serem restaurados...
  Todos os projetos est├úo atualizados para restaura├º├úo.
C:\Users\joaoc\OneDrive\Documentos\Trabalho - POO\Trabalho\MenuADM.cs(14,16): warning CS8618: O campo n├úo anul├ível 'CardapioEscolhido' precisa conter um valor n├úo nulo ao sair do construtor. Considere adicionar o modificador "obrigat├│rio" ou declarar o campo como anul├ível. [C:\Users\joaoc\OneDrive\Documentos\Trabalho - POO\Trabalho\Trabalho.csproj]
C:\Users\joaoc\OneDrive\Documentos\Trabalho - POO\Trabalho\ItemPedido.cs(7,23): warning CS8618: O propriedade n├úo anul├ível 'Nome' precisa conter um valor n├úo nulo ao sair do construtor. Considere adicionar o modificador "obrigat├│rio" ou declarar o propriedade como anul├ível. [C:\Users\joaoc\OneDrive\Documentos\Trabalho - POO\Trabalho\Trabalho.csproj]
C:\Users\joaoc\OneDrive\Documentos\Trabalho - POO\Trabalho\ItemPedido.cs(9,23): warning CS8618: O propriedade n├úo anul├ível 'Categoria' precisa conter um valor n├úo nulo ao sair do construtor. Considere adicionar o modificador "obrigat├│rio" ou declarar o propriedade como anul├ível. [C:\Users\joaoc\OneDrive\Documentos\Trabalho - POO\Trabalho\Trabalho.csproj]
C:\Users\joaoc\OneDrive\Documentos\Trabalho - POO\Trabalho\ItemPedido.cs(10,23): warning CS8618: O propriedade n├úo anul├ível 'Observacao' precisa conter um valor n├úo nulo ao sair do construtor. Considere adicionar o modificador "obrigat├│rio" ou declarar o propriedade como anul├ível. [C:\Users\joaoc\OneDrive\Documentos\Trabalho - POO\Trabalho\Trabalho.csproj]
C:\Users\joaoc\OneDrive\Documentos\Trabalho - POO\Trabalho\Item.cs(6,23): warning CS8618: O propriedade n├úo anul├ível 'Nome' precisa conter um valor n├úo nulo ao sair do construtor. Considere adicionar o modificador "obrigat├│rio" ou declarar o propriedade como anul├ível. [C:\Users\joaoc\OneDrive\Documentos\Trabalho - POO\Trabalho\Trabalho.csproj]
C:\Users\joaoc\OneDrive\Documentos\Trabalho - POO\Trabalho\Item.cs(8,23): warning CS8618: O propriedade n├úo anul├ível 'Categoria' precisa conter um valor n├úo nulo ao sair do construtor. Considere adicionar o modificador "obrigat├│rio" ou declarar o propriedade como anul├ível. [C:\Users\joaoc\OneDrive\Documentos\Trabalho - POO\Trabalho\Trabalho.csproj]
C:\Users\joaoc\OneDrive\Documentos\Trabalho - POO\Trabalho\Item.cs(9,23): warning CS8618: O propriedade n├úo anul├ível 'Descricao' precisa conter um valor n├úo nulo ao sair do construtor. Considere adicionar o modificador "obrigat├│rio" ou declarar o propriedade como anul├ível. [C:\Users\joaoc\OneDrive\Documentos\Trabalho - POO\Trabalho\Trabalho.csproj]
C:\Users\joaoc\OneDrive\Documentos\Trabalho - POO\Trabalho\Pedido.cs(8,24): warning CS8618: O propriedade n├úo anul├ível 'Cliente' precisa conter um valor n├úo nulo ao sair do construtor. Considere adicionar o modificador "obrigat├│rio" ou declarar o propriedade como anul├ível. [C:\Users\joaoc\OneDrive\Documentos\Trabalho - POO\Trabalho\Trabalho.csproj]
C:\Users\joaoc\OneDrive\Documentos\Trabalho - POO\Trabalho\Pedido.cs(9,33): warning CS8618: O propriedade n├úo anul├ível 'Itens' precisa conter um valor n├úo nulo ao sair do construtor. Considere adicionar o modificador "obrigat├│rio" ou declarar o propriedade como anul├ível. [C:\Users\joaoc\OneDrive\Documentos\Trabalho - POO\Trabalho\Trabalho.csproj]
C:\Users\joaoc\OneDrive\Documentos\Trabalho - POO\Trabalho\Pedido.cs(13,23): warning CS8618: O propriedade n├úo anul├ível 'Observacao' precisa conter um valor n├úo nulo ao sair do construtor. Considere adicionar o modificador "obrigat├│rio" ou declarar o propriedade como anul├ível. [C:\Users\joaoc\OneDrive\Documentos\Trabalho - POO\Trabalho\Trabalho.csproj]
C:\Users\joaoc\OneDrive\Documentos\Trabalho - POO\Trabalho\Cliente.cs(12,32): warning CS8601: Poss├¡vel atribui├º├úo de refer├¬ncia nula. [C:\Users\joaoc\OneDrive\Documentos\Trabalho - POO\Trabalho\Trabalho.csproj]
C:\Users\joaoc\OneDrive\Documentos\Trabalho - POO\Trabalho\Cliente.cs(12,24): warning CS8603: Poss├¡vel retorno de refer├¬ncia nula. [C:\Users\joaoc\OneDrive\Documentos\Trabalho - POO\Trabalho\Trabalho.csproj]
C:\Users\joaoc\OneDrive\Documentos\Trabalho - POO\Trabalho\Cliente.cs(6,23): warning CS8618: O propriedade n├úo anul├ível 'Nome' precisa conter um valor n├úo nulo ao sair do construtor. Considere adicionar o modificador "obrigat├│rio" ou declarar o propriedade como anul├ível. [C:\Users\joaoc\OneDrive\Documentos\Trabalho - POO\Trabalho\Trabalho.csproj]
C:\Users\joaoc\OneDrive\Documentos\Trabalho - POO\Trabalho\Cliente.cs(7,23): warning CS8618: O propriedade n├úo anul├ível 'Email' precisa conter um valor n├úo nulo ao sair do construtor. Considere adicionar o modificador "obrigat├│rio" ou declarar o propriedade como anul├ível. [C:\Users\joaoc\OneDrive\Documentos\Trabalho - POO\Trabalho\Trabalho.csproj]
C:\Users\joaoc\OneDrive\Documentos\Trabalho - POO\Trabalho\MenuADM.cs(41,43): warning CS8604: Poss├¡vel argumento de refer├¬ncia nula para o par├ómetro 's' em 'int int.Parse(string s)'. [C:\Users\joaoc\OneDrive\Documentos\Trabalho - POO\Trabalho\Trabalho.csproj]
C:\Users\joaoc\OneDrive\Documentos\Trabalho - POO\Trabalho\MenuADM.cs(89,29): warning CS8600: Convers├úo de literal nula ou poss├¡vel valor nulo em tipo n├úo anul├ível. [C:\Users\joaoc\OneDrive\Documentos\Trabalho - POO\Trabalho\Trabalho.csproj]
C:\Users\joaoc\OneDrive\Documentos\Trabalho - POO\Trabalho\MenuADM.cs(111,29): warning CS8601: Poss├¡vel atribui├º├úo de refer├¬ncia nula. [C:\Users\joaoc\OneDrive\Documentos\Trabalho - POO\Trabalho\Trabalho.csproj]
C:\Users\joaoc\OneDrive\Documentos\Trabalho - POO\Trabalho\MenuADM.cs(114,34): warning CS8601: Poss├¡vel atribui├º├úo de refer├¬ncia nula. [C:\Users\joaoc\OneDrive\Documentos\Trabalho - POO\Trabalho\Trabalho.csproj]
C:\Users\joaoc\OneDrive\Documentos\Trabalho - POO\Trabalho\MenuADM.cs(123,50): warning CS8604: Poss├¡vel argumento de refer├¬ncia nula para o par├ómetro 's' em 'float float.Parse(string s)'. [C:\Users\joaoc\OneDrive\Documentos\Trabalho - POO\Trabalho\Trabalho.csproj]
C:\Users\joaoc\OneDrive\Documentos\Trabalho - POO\Trabalho\MenuADM.cs(140,34): warning CS8601: Poss├¡vel atribui├º├úo de refer├¬ncia nula. [C:\Users\joaoc\OneDrive\Documentos\Trabalho - POO\Trabalho\Trabalho.csproj]
C:\Users\joaoc\OneDrive\Documentos\Trabalho - POO\Trabalho\MenuADM.cs(137,30): error CS0165: Uso de vari├ível local n├úo atribu├¡da "precoAdicionar" [C:\Users\joaoc\OneDrive\Documentos\Trabalho - POO\Trabalho\Trabalho.csproj]
C:\Users\joaoc\OneDrive\Documentos\Trabalho - POO\Trabalho\MenuADM.cs(161,29): warning CS8600: Convers├úo de literal nula ou poss├¡vel valor nulo em tipo n├úo anul├ível. [C:\Users\joaoc\OneDrive\Documentos\Trabalho - POO\Trabalho\Trabalho.csproj]
C:\Users\joaoc\OneDrive\Documentos\Trabalho - POO\Trabalho\MenuADM.cs(192,43): warning CS8604: Poss├¡vel argumento de refer├¬ncia nula para o par├ómetro 's' em 'int int.Parse(string s)'. [C:\Users\joaoc\OneDrive\Documentos\Trabalho - POO\Trabalho\Trabalho.csproj]
C:\Users\joaoc\OneDrive\Documentos\Trabalho - POO\Trabalho\MenuADM.cs(217,48): error CS0165: Uso de vari├ível local n├úo atribu├¡da "idExcluir" [C:\Users\joaoc\OneDrive\Documentos\Trabalho - POO\Trabalho\Trabalho.csproj]
C:\Users\joaoc\OneDrive\Documentos\Trabalho - POO\Trabalho\Program.cs(97,24): warning CS8604: Poss├¡vel argumento de refer├¬ncia nula para o par├ómetro 's' em 'int int.Parse(string s)'. [C:\Users\joaoc\OneDrive\Documentos\Trabalho - POO\Trabalho\Trabalho.csproj]
C:\Users\joaoc\OneDrive\Documentos\Trabalho - POO\Trabalho\Program.cs(133,23): warning CS8600: Convers├úo de literal nula ou poss├¡vel valor nulo em tipo n├úo anul├ível. [C:\Users\joaoc\OneDrive\Documentos\Trabalho - POO\Trabalho\Trabalho.csproj]
C:\Users\joaoc\OneDrive\Documentos\Trabalho - POO\Trabalho\Program.cs(135,18): warning CS8601: Poss├¡vel atribui├º├úo de refer├¬ncia nula. [C:\Users\joaoc\OneDrive\Documentos\Trabalho - POO\Trabalho\Trabalho.csproj]
C:\Users\joaoc\OneDrive\Documentos\Trabalho - POO\Trabalho\Program.cs(143,51): warning CS8604: Poss├¡vel argumento de refer├¬ncia nula para o par├ómetro 'nome' em 'string Ilingua.cadastro(string nome)'. [C:\Users\joaoc\OneDrive\Documentos\Trabalho - POO\Trabalho\Trabalho.csproj]
C:\Users\joaoc\OneDrive\Documentos\Trabalho - POO\Trabalho\Program.cs(144,37): warning CS8604: Poss├¡vel argumento de refer├¬ncia nula para o par├ómetro 's' em 'int int.Parse(string s)'. [C:\Users\joaoc\OneDrive\Documentos\Trabalho - POO\Trabalho\Trabalho.csproj]
C:\Users\joaoc\OneDrive\Documentos\Trabalho - POO\Trabalho\Program.cs(181,43): warning CS8604: Poss├¡vel argumento de refer├¬ncia nula para o par├ómetro 'nome' em 'string Ilingua.BemVindo(string nome)'. [C:\Users\joaoc\OneDrive\Documentos\Trabalho - POO\Trabalho\Trabalho.csproj]
C:\Users\joaoc\OneDrive\Documentos\Trabalho - POO\Trabalho\MenuADM.cs(239,29): warning CS8600: Convers├úo de literal nula ou poss├¡vel valor nulo em tipo n├úo anul├ível. [C:\Users\joaoc\OneDrive\Documentos\Trabalho - POO\Trabalho\Trabalho.csproj]
C:\Users\joaoc\OneDrive\Documentos\Trabalho - POO\Trabalho\MenuADM.cs(270,42): warning CS8604: Poss├¡vel argumento de refer├¬ncia nula para o par├ómetro 's' em 'int int.Parse(string s)'. [C:\Users\joaoc\OneDrive\Documentos\Trabalho - POO\Trabalho\Trabalho.csproj]
C:\Users\joaoc\OneDrive\Documentos\Trabalho - POO\Trabalho\MenuADM.cs(285,26): warning CS8600: Convers├úo de literal nula ou poss├¡vel valor nulo em tipo n├úo anul├ível. [C:\Users\joaoc\OneDrive\Documentos\Trabalho - POO\Trabalho\Trabalho.csproj]
C:\Users\joaoc\OneDrive\Documentos\Trabalho - POO\Trabalho\MenuADM.cs(305,35): warning CS8600: Convers├úo de literal nula ou poss├¡vel valor nulo em tipo n├úo anul├ível. [C:\Users\joaoc\OneDrive\Documentos\Trabalho - POO\Trabalho\Trabalho.csproj]
C:\Users\joaoc\OneDrive\Documentos\Trabalho - POO\Trabalho\MenuADM.cs(308,34): warning CS8601: Poss├¡vel atribui├º├úo de refer├¬ncia nula. [C:\Users\joaoc\OneDrive\Documentos\Trabalho - POO\Trabalho\Trabalho.csproj]
C:\Users\joaoc\OneDrive\Documentos\Trabalho - POO\Trabalho\MenuADM.cs(312,40): warning CS8600: Convers├úo de literal nula ou poss├¡vel valor nulo em tipo n├úo anul├ível. [C:\Users\joaoc\OneDrive\Documentos\Trabalho - POO\Trabalho\Trabalho.csproj]
C:\Users\joaoc\OneDrive\Documentos\Trabalho - POO\Trabalho\MenuADM.cs(315,39): warning CS8601: Poss├¡vel atribui├º├úo de refer├¬ncia nula. [C:\Users\joaoc\OneDrive\Documentos\Trabalho - POO\Trabalho\Trabalho.csproj]
C:\Users\joaoc\OneDrive\Documentos\Trabalho - POO\Trabalho\MenuADM.cs(325,49): warning CS8604: Poss├¡vel argumento de refer├¬ncia nula para o par├ómetro 's' em 'float float.Parse(string s)'. [C:\Users\joaoc\OneDrive\Documentos\Trabalho - POO\Trabalho\Trabalho.csproj]
C:\Users\joaoc\OneDrive\Documentos\Trabalho - POO\Trabalho\MenuADM.cs(295,48): error CS0165: Uso de vari├ível local n├úo atribu├¡da "idEditar" [C:\Users\joaoc\OneDrive\Documentos\Trabalho - POO\Trabalho\Trabalho.csproj]
C:\Users\joaoc\OneDrive\Documentos\Trabalho - POO\Trabalho\MenuADM.cs(339,21): error CS0165: Uso de vari├ível local n├úo atribu├¡da "novoPreco" [C:\Users\joaoc\OneDrive\Documentos\Trabalho - POO\Trabalho\Trabalho.csproj]
C:\Users\joaoc\OneDrive\Documentos\Trabalho - POO\Trabalho\MenuADM.cs(371,40): warning CS8604: Poss├¡vel argumento de refer├¬ncia nula para o par├ómetro 's' em 'int int.Parse(string s)'. [C:\Users\joaoc\OneDrive\Documentos\Trabalho - POO\Trabalho\Trabalho.csproj]
C:\Users\joaoc\OneDrive\Documentos\Trabalho - POO\Trabalho\MenuCliente.cs(36,51): error CS1061: ÔÇÿIlinguaÔÇÖ n├úo cont├®m uma defini├º├úo para "OpcaoInvalida" e n├úo foi poss├¡vel encontrar nenhum m├®todo de extens├úo "OpcaoInvalida" que aceite um primeiro argumento do tipo ÔÇÿIlinguaÔÇÖ (voc├¬ est├í se esquecendo de usar uma diretiva ou uma refer├¬ncia de assembly?) [C:\Users\joaoc\OneDrive\Documentos\Trabalho - POO\Trabalho\Trabalho.csproj]
C:\Users\joaoc\OneDrive\Documentos\Trabalho - POO\Trabalho\MenuCliente.cs(259,59): error CS1061: ÔÇÿIlinguaÔÇÖ n├úo cont├®m uma defini├º├úo para "OpcaoInvalida" e n├úo foi poss├¡vel encontrar nenhum m├®todo de extens├úo "OpcaoInvalida" que aceite um primeiro argumento do tipo ÔÇÿIlinguaÔÇÖ (voc├¬ est├í se esquecendo de usar uma diretiva ou uma refer├¬ncia de assembly?) [C:\Users\joaoc\OneDrive\Documentos\Trabalho - POO\Trabalho\Trabalho.csproj]
C:\Users\joaoc\OneDrive\Documentos\Trabalho - POO\Trabalho\MenuCliente.cs(312,41): error CS1061: ÔÇÿIlinguaÔÇÖ n├úo cont├®m uma defini├º├úo para "OpcaoInvalida" e n├úo foi poss├¡vel encontrar nenhum m├®todo de extens├úo "OpcaoInvalida" que aceite um primeiro argumento do tipo ÔÇÿIlinguaÔÇÖ (voc├¬ est├í se esquecendo de usar uma diretiva ou uma refer├¬ncia de assembly?) [C:\Users\joaoc\OneDrive\Documentos\Trabalho - POO\Trabalho\Trabalho.csproj]
C:\Users\joaoc\OneDrive\Documentos\Trabalho - POO\Trabalho\MenuCliente.cs(33,43): warning CS8604: Poss├¡vel argumento de refer├¬ncia nula para o par├ómetro 's' em 'int int.Parse(string s)'. [C:\Users\joaoc\OneDrive\Documentos\Trabalho - POO\Trabalho\Trabalho.csproj]
C:\Users\joaoc\OneDrive\Documentos\Trabalho - POO\Trabalho\MenuCliente.cs(75,57): warning CS8604: Poss├¡vel argumento de refer├¬ncia nula para o par├ómetro 's' em 'int int.Parse(string s)'. [C:\Users\joaoc\OneDrive\Documentos\Trabalho - POO\Trabalho\Trabalho.csproj]
C:\Users\joaoc\OneDrive\Documentos\Trabalho - POO\Trabalho\MenuCliente.cs(91,51): warning CS8600: Convers├úo de literal nula ou poss├¡vel valor nulo em tipo n├úo anul├ível. [C:\Users\joaoc\OneDrive\Documentos\Trabalho - POO\Trabalho\Trabalho.csproj]
C:\Users\joaoc\OneDrive\Documentos\Trabalho - POO\Trabalho\MenuCliente.cs(105,46): warning CS8600: Convers├úo de literal nula ou poss├¡vel valor nulo em tipo n├úo anul├ível. [C:\Users\joaoc\OneDrive\Documentos\Trabalho - POO\Trabalho\Trabalho.csproj]
C:\Users\joaoc\OneDrive\Documentos\Trabalho - POO\Trabalho\MenuCliente.cs(114,50): warning CS8601: Poss├¡vel atribui├º├úo de refer├¬ncia nula. [C:\Users\joaoc\OneDrive\Documentos\Trabalho - POO\Trabalho\Trabalho.csproj]
C:\Users\joaoc\OneDrive\Documentos\Trabalho - POO\Trabalho\MenuCliente.cs(131,61): warning CS8604: Poss├¡vel argumento de refer├¬ncia nula para o par├ómetro 's' em 'int int.Parse(string s)'. [C:\Users\joaoc\OneDrive\Documentos\Trabalho - POO\Trabalho\Trabalho.csproj]
C:\Users\joaoc\OneDrive\Documentos\Trabalho - POO\Trabalho\MenuCliente.cs(170,55): warning CS8604: Poss├¡vel argumento de refer├¬ncia nula para o par├ómetro 's' em 'int int.Parse(string s)'. [C:\Users\joaoc\OneDrive\Documentos\Trabalho - POO\Trabalho\Trabalho.csproj]
C:\Users\joaoc\OneDrive\Documentos\Trabalho - POO\Trabalho\MenuCliente.cs(185,58): warning CS8600: Convers├úo de literal nula ou poss├¡vel valor nulo em tipo n├úo anul├ível. [C:\Users\joaoc\OneDrive\Documentos\Trabalho - POO\Trabalho\Trabalho.csproj]
C:\Users\joaoc\OneDrive\Documentos\Trabalho - POO\Trabalho\MenuCliente.cs(224,59): warning CS8604: Poss├¡vel argumento de refer├¬ncia nula para o par├ómetro 's' em 'int int.Parse(string s)'. [C:\Users\joaoc\OneDrive\Documentos\Trabalho - POO\Trabalho\Trabalho.csproj]
C:\Users\joaoc\OneDrive\Documentos\Trabalho - POO\Trabalho\MenuCliente.cs(256,56): warning CS8604: Poss├¡vel argumento de refer├¬ncia nula para o par├ómetro 's' em 'int int.Parse(string s)'. [C:\Users\joaoc\OneDrive\Documentos\Trabalho - POO\Trabalho\Trabalho.csproj]
C:\Users\joaoc\OneDrive\Documentos\Trabalho - POO\Trabalho\MenuADM.cs(441,50): warning CS8604: Poss├¡vel argumento de refer├¬ncia nula para o par├ómetro 's' em 'DateTime DateTime.Parse(string s)'. [C:\Users\joaoc\OneDrive\Documentos\Trabalho - POO\Trabalho\Trabalho.csproj]
C:\Users\joaoc\OneDrive\Documentos\Trabalho - POO\Trabalho\MenuADM.cs(463,48): warning CS8604: Poss├¡vel argumento de refer├¬ncia nula para o par├ómetro 's' em 'DateTime DateTime.Parse(string s)'. [C:\Users\joaoc\OneDrive\Documentos\Trabalho - POO\Trabalho\Trabalho.csproj]
C:\Users\joaoc\OneDrive\Documentos\Trabalho - POO\Trabalho\MenuADM.cs(478,25): error CS0165: Uso de vari├ível local n├úo atribu├¡da "dataFinal" [C:\Users\joaoc\OneDrive\Documentos\Trabalho - POO\Trabalho\Trabalho.csproj]
C:\Users\joaoc\OneDrive\Documentos\Trabalho - POO\Trabalho\MenuADM.cs(480,63): error CS0165: Uso de vari├ível local n├úo atribu├¡da "dataInicial" [C:\Users\joaoc\OneDrive\Documentos\Trabalho - POO\Trabalho\Trabalho.csproj]
C:\Users\joaoc\OneDrive\Documentos\Trabalho - POO\Trabalho\MenuADM.cs(525,43): warning CS8604: Poss├¡vel argumento de refer├¬ncia nula para o par├ómetro 's' em 'int int.Parse(string s)'. [C:\Users\joaoc\OneDrive\Documentos\Trabalho - POO\Trabalho\Trabalho.csproj]
C:\Users\joaoc\OneDrive\Documentos\Trabalho - POO\Trabalho\MenuADM.cs(540,64): error CS0165: Uso de vari├ível local n├úo atribu├¡da "idCliente" [C:\Users\joaoc\OneDrive\Documentos\Trabalho - POO\Trabalho\Trabalho.csproj]
C:\Users\joaoc\OneDrive\Documentos\Trabalho - POO\Trabalho\MenuADM.cs(585,43): warning CS8604: Poss├¡vel argumento de refer├¬ncia nula para o par├ómetro 's' em 'int int.Parse(string s)'. [C:\Users\joaoc\OneDrive\Documentos\Trabalho - POO\Trabalho\Trabalho.csproj]
C:\Users\joaoc\OneDrive\Documentos\Trabalho - POO\Trabalho\MenuADM.cs(607,50): warning CS8604: Poss├¡vel argumento de refer├¬ncia nula para o par├ómetro 's' em 'DateTime DateTime.Parse(string s)'. [C:\Users\joaoc\OneDrive\Documentos\Trabalho - POO\Trabalho\Trabalho.csproj]
C:\Users\joaoc\OneDrive\Documentos\Trabalho - POO\Trabalho\MenuADM.cs(629,48): warning CS8604: Poss├¡vel argumento de refer├¬ncia nula para o par├ómetro 's' em 'DateTime DateTime.Parse(string s)'. [C:\Users\joaoc\OneDrive\Documentos\Trabalho - POO\Trabalho\Trabalho.csproj]
C:\Users\joaoc\OneDrive\Documentos\Trabalho - POO\Trabalho\MenuADM.cs(644,25): error CS0165: Uso de vari├ível local n├úo atribu├¡da "dataFinal" [C:\Users\joaoc\OneDrive\Documentos\Trabalho - POO\Trabalho\Trabalho.csproj]
C:\Users\joaoc\OneDrive\Documentos\Trabalho - POO\Trabalho\MenuADM.cs(646,64): error CS0165: Uso de vari├ível local n├úo atribu├¡da "idCliente" [C:\Users\joaoc\OneDrive\Documentos\Trabalho - POO\Trabalho\Trabalho.csproj]
C:\Users\joaoc\OneDrive\Documentos\Trabalho - POO\Trabalho\MenuADM.cs(654,59): error CS0165: Uso de vari├ível local n├úo atribu├¡da "dataInicial" [C:\Users\joaoc\OneDrive\Documentos\Trabalho - POO\Trabalho\Trabalho.csproj]
C:\Users\joaoc\OneDrive\Documentos\Trabalho - POO\Trabalho\MenuADM.cs(677,32): warning CS8602: Desrefer├¬ncia de uma refer├¬ncia possivelmente nula. [C:\Users\joaoc\OneDrive\Documentos\Trabalho - POO\Trabalho\Trabalho.csproj]

FALHA da compila├º├úo.

C:\Users\joaoc\OneDrive\Documentos\Trabalho - POO\Trabalho\MenuADM.cs(14,16): warning CS8618: O campo n├úo anul├ível 'CardapioEscolhido' precisa conter um valor n├úo nulo ao sair do construtor. Considere adicionar o modificador "obrigat├│rio" ou declarar o campo como anul├ível. [C:\Users\joaoc\OneDrive\Documentos\Trabalho - POO\Trabalho\Trabalho.csproj]
C:\Users\joaoc\OneDrive\Documentos\Trabalho - POO\Trabalho\ItemPedido.cs(7,23): warning CS8618: O propriedade n├úo anul├ível 'Nome' precisa conter um valor n├úo nulo ao sair do construtor. Considere adicionar o modificador "obrigat├│rio" ou declarar o propriedade como anul├ível. [C:\Users\joaoc\OneDrive\Documentos\Trabalho - POO\Trabalho\Trabalho.csproj]
C:\Users\joaoc\OneDrive\Documentos\Trabalho - POO\Trabalho\ItemPedido.cs(9,23): warning CS8618: O propriedade n├úo anul├ível 'Categoria' precisa conter um valor n├úo nulo ao sair do construtor. Considere adicionar o modificador "obrigat├│rio" ou declarar o propriedade como anul├ível. [C:\Users\joaoc\OneDrive\Documentos\Trabalho - POO\Trabalho\Trabalho.csproj]
C:\Users\joaoc\OneDrive\Documentos\Trabalho - POO\Trabalho\ItemPedido.cs(10,23): warning CS8618: O propriedade n├úo anul├ível 'Observacao' precisa conter um valor n├úo nulo ao sair do construtor. Considere adicionar o modificador "obrigat├│rio" ou declarar o propriedade como anul├ível. [C:\Users\joaoc\OneDrive\Documentos\Trabalho - POO\Trabalho\Trabalho.csproj]
C:\Users\joaoc\OneDrive\Documentos\Trabalho - POO\Trabalho\Item.cs(6,23): warning CS8618: O propriedade n├úo anul├ível 'Nome' precisa conter um valor n├úo nulo ao sair do construtor. Considere adicionar o modificador "obrigat├│rio" ou declarar o propriedade como anul├ível. [C:\Users\joaoc\OneDrive\Documentos\Trabalho - POO\Trabalho\Trabalho.csproj]
C:\Users\joaoc\OneDrive\Documentos\Trabalho - POO\Trabalho\Item.cs(8,23): warning CS8618: O propriedade n├úo anul├ível 'Categoria' precisa conter um valor n├úo nulo ao sair do construtor. Considere adicionar o modificador "obrigat├│rio" ou declarar o propriedade como anul├ível. [C:\Users\joaoc\OneDrive\Documentos\Trabalho - POO\Trabalho\Trabalho.csproj]
C:\Users\joaoc\OneDrive\Documentos\Trabalho - POO\Trabalho\Item.cs(9,23): warning CS8618: O propriedade n├úo anul├ível 'Descricao' precisa conter um valor n├úo nulo ao sair do construtor. Considere adicionar o modificador "obrigat├│rio" ou declarar o propriedade como anul├ível. [C:\Users\joaoc\OneDrive\Documentos\Trabalho - POO\Trabalho\Trabalho.csproj]
C:\Users\joaoc\OneDrive\Documentos\Trabalho - POO\Trabalho\Pedido.cs(8,24): warning CS8618: O propriedade n├úo anul├ível 'Cliente' precisa conter um valor n├úo nulo ao sair do construtor. Considere adicionar o modificador "obrigat├│rio" ou declarar o propriedade como anul├ível. [C:\Users\joaoc\OneDrive\Documentos\Trabalho - POO\Trabalho\Trabalho.csproj]
C:\Users\joaoc\OneDrive\Documentos\Trabalho - POO\Trabalho\Pedido.cs(9,33): warning CS8618: O propriedade n├úo anul├ível 'Itens' precisa conter um valor n├úo nulo ao sair do construtor. Considere adicionar o modificador "obrigat├│rio" ou declarar o propriedade como anul├ível. [C:\Users\joaoc\OneDrive\Documentos\Trabalho - POO\Trabalho\Trabalho.csproj]
C:\Users\joaoc\OneDrive\Documentos\Trabalho - POO\Trabalho\Pedido.cs(13,23): warning CS8618: O propriedade n├úo anul├ível 'Observacao' precisa conter um valor n├úo nulo ao sair do construtor. Considere adicionar o modificador "obrigat├│rio" ou declarar o propriedade como anul├ível. [C:\Users\joaoc\OneDrive\Documentos\Trabalho - POO\Trabalho\Trabalho.csproj]
C:\Users\joaoc\OneDrive\Documentos\Trabalho - POO\Trabalho\Cliente.cs(12,32): warning CS8601: Poss├¡vel atribui├º├úo de refer├¬ncia nula. [C:\Users\joaoc\OneDrive\Documentos\Trabalho - POO\Trabalho\Trabalho.csproj]
C:\Users\joaoc\OneDrive\Documentos\Trabalho - POO\Trabalho\Cliente.cs(12,24): warning CS8603: Poss├¡vel retorno de refer├¬ncia nula. [C:\Users\joaoc\OneDrive\Documentos\Trabalho - POO\Trabalho\Trabalho.csproj]
C:\Users\joaoc\OneDrive\Documentos\Trabalho - POO\Trabalho\Cliente.cs(6,23): warning CS8618: O propriedade n├úo anul├ível 'Nome' precisa conter um valor n├úo nulo ao sair do construtor. Considere adicionar o modificador "obrigat├│rio" ou declarar o propriedade como anul├ível. [C:\Users\joaoc\OneDrive\Documentos\Trabalho - POO\Trabalho\Trabalho.csproj]
C:\Users\joaoc\OneDrive\Documentos\Trabalho - POO\Trabalho\Cliente.cs(7,23): warning CS8618: O propriedade n├úo anul├ível 'Email' precisa conter um valor n├úo nulo ao sair do construtor. Considere adicionar o modificador "obrigat├│rio" ou declarar o propriedade como anul├ível. [C:\Users\joaoc\OneDrive\Documentos\Trabalho - POO\Trabalho\Trabalho.csproj]
C:\Users\joaoc\OneDrive\Documentos\Trabalho - POO\Trabalho\MenuADM.cs(41,43): warning CS8604: Poss├¡vel argumento de refer├¬ncia nula para o par├ómetro 's' em 'int int.Parse(string s)'. [C:\Users\joaoc\OneDrive\Documentos\Trabalho - POO\Trabalho\Trabalho.csproj]
C:\Users\joaoc\OneDrive\Documentos\Trabalho - POO\Trabalho\MenuADM.cs(89,29): warning CS8600: Convers├úo de literal nula ou poss├¡vel valor nulo em tipo n├úo anul├ível. [C:\Users\joaoc\OneDrive\Documentos\Trabalho - POO\Trabalho\Trabalho.csproj]
C:\Users\joaoc\OneDrive\Documentos\Trabalho - POO\Trabalho\MenuADM.cs(111,29): warning CS8601: Poss├¡vel atribui├º├úo de refer├¬ncia nula. [C:\Users\joaoc\OneDrive\Documentos\Trabalho - POO\Trabalho\Trabalho.csproj]
C:\Users\joaoc\OneDrive\Documentos\Trabalho - POO\Trabalho\MenuADM.cs(114,34): warning CS8601: Poss├¡vel atribui├º├úo de refer├¬ncia nula. [C:\Users\joaoc\OneDrive\Documentos\Trabalho - POO\Trabalho\Trabalho.csproj]
C:\Users\joaoc\OneDrive\Documentos\Trabalho - POO\Trabalho\MenuADM.cs(123,50): warning CS8604: Poss├¡vel argumento de refer├¬ncia nula para o par├ómetro 's' em 'float float.Parse(string s)'. [C:\Users\joaoc\OneDrive\Documentos\Trabalho - POO\Trabalho\Trabalho.csproj]
C:\Users\joaoc\OneDrive\Documentos\Trabalho - POO\Trabalho\MenuADM.cs(140,34): warning CS8601: Poss├¡vel atribui├º├úo de refer├¬ncia nula. [C:\Users\joaoc\OneDrive\Documentos\Trabalho - POO\Trabalho\Trabalho.csproj]
C:\Users\joaoc\OneDrive\Documentos\Trabalho - POO\Trabalho\MenuADM.cs(161,29): warning CS8600: Convers├úo de literal nula ou poss├¡vel valor nulo em tipo n├úo anul├ível. [C:\Users\joaoc\OneDrive\Documentos\Trabalho - POO\Trabalho\Trabalho.csproj]
C:\Users\joaoc\OneDrive\Documentos\Trabalho - POO\Trabalho\MenuADM.cs(192,43): warning CS8604: Poss├¡vel argumento de refer├¬ncia nula para o par├ómetro 's' em 'int int.Parse(string s)'. [C:\Users\joaoc\OneDrive\Documentos\Trabalho - POO\Trabalho\Trabalho.csproj]
C:\Users\joaoc\OneDrive\Documentos\Trabalho - POO\Trabalho\Program.cs(97,24): warning CS8604: Poss├¡vel argumento de refer├¬ncia nula para o par├ómetro 's' em 'int int.Parse(string s)'. [C:\Users\joaoc\OneDrive\Documentos\Trabalho - POO\Trabalho\Trabalho.csproj]
C:\Users\joaoc\OneDrive\Documentos\Trabalho - POO\Trabalho\Program.cs(133,23): warning CS8600: Convers├úo de literal nula ou poss├¡vel valor nulo em tipo n├úo anul├ível. [C:\Users\joaoc\OneDrive\Documentos\Trabalho - POO\Trabalho\Trabalho.csproj]
C:\Users\joaoc\OneDrive\Documentos\Trabalho - POO\Trabalho\Program.cs(135,18): warning CS8601: Poss├¡vel atribui├º├úo de refer├¬ncia nula. [C:\Users\joaoc\OneDrive\Documentos\Trabalho - POO\Trabalho\Trabalho.csproj]
C:\Users\joaoc\OneDrive\Documentos\Trabalho - POO\Trabalho\Program.cs(143,51): warning CS8604: Poss├¡vel argumento de refer├¬ncia nula para o par├ómetro 'nome' em 'string Ilingua.cadastro(string nome)'. [C:\Users\joaoc\OneDrive\Documentos\Trabalho - POO\Trabalho\Trabalho.csproj]
C:\Users\joaoc\OneDrive\Documentos\Trabalho - POO\Trabalho\Program.cs(144,37): warning CS8604: Poss├¡vel argumento de refer├¬ncia nula para o par├ómetro 's' em 'int int.Parse(string s)'. [C:\Users\joaoc\OneDrive\Documentos\Trabalho - POO\Trabalho\Trabalho.csproj]
C:\Users\joaoc\OneDrive\Documentos\Trabalho - POO\Trabalho\Program.cs(181,43): warning CS8604: Poss├¡vel argumento de refer├¬ncia nula para o par├ómetro 'nome' em 'string Ilingua.BemVindo(string nome)'. [C:\Users\joaoc\OneDrive\Documentos\Trabalho - POO\Trabalho\Trabalho.csproj]
C:\Users\joaoc\OneDrive\Documentos\Trabalho - POO\Trabalho\MenuADM.cs(239,29): warning CS8600: Convers├úo de literal nula ou poss├¡vel valor nulo em tipo n├úo anul├ível. [C:\Users\joaoc\OneDrive\Documentos\Trabalho - POO\Trabalho\Trabalho.csproj]
C:\Users\joaoc\OneDrive\Documentos\Trabalho - POO\Trabalho\MenuADM.cs(270,42): warning CS8604: Poss├¡vel argumento de refer├¬ncia nula para o par├ómetro 's' em 'int int.Parse(string s)'. [C:\Users\joaoc\OneDrive\Documentos\Trabalho - POO\Trabalho\Trabalho.csproj]
C:\Users\joaoc\OneDrive\Documentos\Trabalho - POO\Trabalho\MenuADM.cs(285,26): warning CS8600: Convers├úo de literal nula ou poss├¡vel valor nulo em tipo n├úo anul├ível. [C:\Users\joaoc\OneDrive\Documentos\Trabalho - POO\Trabalho\Trabalho.csproj]
C:\Users\joaoc\OneDrive\Documentos\Trabalho - POO\Trabalho\MenuADM.cs(305,35): warning CS8600: Convers├úo de literal nula ou poss├¡vel valor nulo em tipo n├úo anul├ível. [C:\Users\joaoc\OneDrive\Documentos\Trabalho - POO\Trabalho\Trabalho.csproj]
C:\Users\joaoc\OneDrive\Documentos\Trabalho - POO\Trabalho\MenuADM.cs(308,34): warning CS8601: Poss├¡vel atribui├º├úo de refer├¬ncia nula. [C:\Users\joaoc\OneDrive\Documentos\Trabalho - POO\Trabalho\Trabalho.csproj]
C:\Users\joaoc\OneDrive\Documentos\Trabalho - POO\Trabalho\MenuADM.cs(312,40): warning CS8600: Convers├úo de literal nula ou poss├¡vel valor nulo em tipo n├úo anul├ível. [C:\Users\joaoc\OneDrive\Documentos\Trabalho - POO\Trabalho\Trabalho.csproj]
C:\Users\joaoc\OneDrive\Documentos\Trabalho - POO\Trabalho\MenuADM.cs(315,39): warning CS8601: Poss├¡vel atribui├º├úo de refer├¬ncia nula. [C:\Users\joaoc\OneDrive\Documentos\Trabalho - POO\Trabalho\Trabalho.csproj]
C:\Users\joaoc\OneDrive\Documentos\Trabalho - POO\Trabalho\MenuADM.cs(325,49): warning CS8604: Poss├¡vel argumento de refer├¬ncia nula para o par├ómetro 's' em 'float float.Parse(string s)'. [C:\Users\joaoc\OneDrive\Documentos\Trabalho - POO\Trabalho\Trabalho.csproj]
C:\Users\joaoc\OneDrive\Documentos\Trabalho - POO\Trabalho\MenuADM.cs(371,40): warning CS8604: Poss├¡vel argumento de refer├¬ncia nula para o par├ómetro 's' em 'int int.Parse(string s)'. [C:\Users\joaoc\OneDrive\Documentos\Trabalho - POO\Trabalho\Trabalho.csproj]
C:\Users\joaoc\OneDrive\Documentos\Trabalho - POO\Trabalho\MenuCliente.cs(33,43): warning CS8604: Poss├¡vel argumento de refer├¬ncia nula para o par├ómetro 's' em 'int int.Parse(string s)'. [C:\Users\joaoc\OneDrive\Documentos\Trabalho - POO\Trabalho\Trabalho.csproj]
C:\Users\joaoc\OneDrive\Documentos\Trabalho - POO\Trabalho\MenuCliente.cs(75,57): warning CS8604: Poss├¡vel argumento de refer├¬ncia nula para o par├ómetro 's' em 'int int.Parse(string s)'. [C:\Users\joaoc\OneDrive\Documentos\Trabalho - POO\Trabalho\Trabalho.csproj]
C:\Users\joaoc\OneDrive\Documentos\Trabalho - POO\Trabalho\MenuCliente.cs(91,51): warning CS8600: Convers├úo de literal nula ou poss├¡vel valor nulo em tipo n├úo anul├ível. [C:\Users\joaoc\OneDrive\Documentos\Trabalho - POO\Trabalho\Trabalho.csproj]
C:\Users\joaoc\OneDrive\Documentos\Trabalho - POO\Trabalho\MenuCliente.cs(105,46): warning CS8600: Convers├úo de literal nula ou poss├¡vel valor nulo em tipo n├úo anul├ível. [C:\Users\joaoc\OneDrive\Documentos\Trabalho - POO\Trabalho\Trabalho.csproj]
C:\Users\joaoc\OneDrive\Documentos\Trabalho - POO\Trabalho\MenuCliente.cs(114,50): warning CS8601: Poss├¡vel atribui├º├úo de refer├¬ncia nula. [C:\Users\joaoc\OneDrive\Documentos\Trabalho - POO\Trabalho\Trabalho.csproj]
C:\Users\joaoc\OneDrive\Documentos\Trabalho - POO\Trabalho\MenuCliente.cs(131,61): warning CS8604: Poss├¡vel argumento de refer├¬ncia nula para o par├ómetro 's' em 'int int.Parse(string s)'. [C:\Users\joaoc\OneDrive\Documentos\Trabalho - POO\Trabalho\Trabalho.csproj]
C:\Users\joaoc\OneDrive\Documentos\Trabalho - POO\Trabalho\MenuCliente.cs(170,55): warning CS8604: Poss├¡vel argumento de refer├¬ncia nula para o par├ómetro 's' em 'int int.Parse(string s)'. [C:\Users\joaoc\OneDrive\Documentos\Trabalho - POO\Trabalho\Trabalho.csproj]
C:\Users\joaoc\OneDrive\Documentos\Trabalho - POO\Trabalho\MenuCliente.cs(185,58): warning CS8600: Convers├úo de literal nula ou poss├¡vel valor nulo em tipo n├úo anul├ível. [C:\Users\joaoc\OneDrive\Documentos\Trabalho - POO\Trabalho\Trabalho.csproj]
C:\Users\joaoc\OneDrive\Documentos\Trabalho - POO\Trabalho\MenuCliente.cs(224,59): warning CS8604: Poss├¡vel argumento de refer├¬ncia nula para o par├ómetro 's' em 'int int.Parse(string s)'. [C:\Users\joaoc\OneDrive\Documentos\Trabalho - POO\Trabalho\Trabalho.csproj]
C:\Users\joaoc\OneDrive\Documentos\Trabalho - POO\Trabalho\MenuCliente.cs(256,56): warning CS8604: Poss├¡vel argumento de refer├¬ncia nula para o par├ómetro 's' em 'int int.Parse(string s)'. [C:\Users\joaoc\OneDrive\Documentos\Trabalho - POO\Trabalho\Trabalho.csproj]
C:\Users\joaoc\OneDrive\Documentos\Trabalho - POO\Trabalho\MenuADM.cs(441,50): warning CS8604: Poss├¡vel argumento de refer├¬ncia nula para o par├ómetro 's' em 'DateTime DateTime.Parse(string s)'. [C:\Users\joaoc\OneDrive\Documentos\Trabalho - POO\Trabalho\Trabalho.csproj]
C:\Users\joaoc\OneDrive\Documentos\Trabalho - POO\Trabalho\MenuADM.cs(463,48): warning CS8604: Poss├¡vel argumento de refer├¬ncia nula para o par├ómetro 's' em 'DateTime DateTime.Parse(string s)'. [C:\Users\joaoc\OneDrive\Documentos\Trabalho - POO\Trabalho\Trabalho.csproj]
C:\Users\joaoc\OneDrive\Documentos\Trabalho - POO\Trabalho\MenuADM.cs(525,43): warning CS8604: Poss├¡vel argumento de refer├¬ncia nula para o par├ómetro 's' em 'int int.Parse(string s)'. [C:\Users\joaoc\OneDrive\Documentos\Trabalho - POO\Trabalho\Trabalho.csproj]
C:\Users\joaoc\OneDrive\Documentos\Trabalho - POO\Trabalho\MenuADM.cs(585,43): warning CS8604: Poss├¡vel argumento de refer├¬ncia nula para o par├ómetro 's' em 'int int.Parse(string s)'. [C:\Users\joaoc\OneDrive\Documentos\Trabalho - POO\Trabalho\Trabalho.csproj]
C:\Users\joaoc\OneDrive\Documentos\Trabalho - POO\Trabalho\MenuADM.cs(607,50): warning CS8604: Poss├¡vel argumento de refer├¬ncia nula para o par├ómetro 's' em 'DateTime DateTime.Parse(string s)'. [C:\Users\joaoc\OneDrive\Documentos\Trabalho - POO\Trabalho\Trabalho.csproj]
C:\Users\joaoc\OneDrive\Documentos\Trabalho - POO\Trabalho\MenuADM.cs(629,48): warning CS8604: Poss├¡vel argumento de refer├¬ncia nula para o par├ómetro 's' em 'DateTime DateTime.Parse(string s)'. [C:\Users\joaoc\OneDrive\Documentos\Trabalho - POO\Trabalho\Trabalho.csproj]
C:\Users\joaoc\OneDrive\Documentos\Trabalho - POO\Trabalho\MenuADM.cs(677,32): warning CS8602: Desrefer├¬ncia de uma refer├¬ncia possivelmente nula. [C:\Users\joaoc\OneDrive\Documentos\Trabalho - POO\Trabalho\Trabalho.csproj]
C:\Users\joaoc\OneDrive\Documentos\Trabalho - POO\Trabalho\MenuADM.cs(137,30): error CS0165: Uso de vari├ível local n├úo atribu├¡da "precoAdicionar" [C:\Users\joaoc\OneDrive\Documentos\Trabalho - POO\Trabalho\Trabalho.csproj]
C:\Users\joaoc\OneDrive\Documentos\Trabalho - POO\Trabalho\MenuADM.cs(217,48): error CS0165: Uso de vari├ível local n├úo atribu├¡da "idExcluir" [C:\Users\joaoc\OneDrive\Documentos\Trabalho - POO\Trabalho\Trabalho.csproj]
C:\Users\joaoc\OneDrive\Documentos\Trabalho - POO\Trabalho\MenuADM.cs(295,48): error CS0165: Uso de vari├ível local n├úo atribu├¡da "idEditar" [C:\Users\joaoc\OneDrive\Documentos\Trabalho - POO\Trabalho\Trabalho.csproj]
C:\Users\joaoc\OneDrive\Documentos\Trabalho - POO\Trabalho\MenuADM.cs(339,21): error CS0165: Uso de vari├ível local n├úo atribu├¡da "novoPreco" [C:\Users\joaoc\OneDrive\Documentos\Trabalho - POO\Trabalho\Trabalho.csproj]
C:\Users\joaoc\OneDrive\Documentos\Trabalho - POO\Trabalho\MenuCliente.cs(36,51): error CS1061: ÔÇÿIlinguaÔÇÖ n├úo cont├®m uma defini├º├úo para "OpcaoInvalida" e n├úo foi poss├¡vel encontrar nenhum m├®todo de extens├úo "OpcaoInvalida" que aceite um primeiro argumento do tipo ÔÇÿIlinguaÔÇÖ (voc├¬ est├í se esquecendo de usar uma diretiva ou uma refer├¬ncia de assembly?) [C:\Users\joaoc\OneDrive\Documentos\Trabalho - POO\Trabalho\Trabalho.csproj]
C:\Users\joaoc\OneDrive\Documentos\Trabalho - POO\Trabalho\MenuCliente.cs(259,59): error CS1061: ÔÇÿIlinguaÔÇÖ n├úo cont├®m uma defini├º├úo para "OpcaoInvalida" e n├úo foi poss├¡vel encontrar nenhum m├®todo de extens├úo "OpcaoInvalida" que aceite um primeiro argumento do tipo ÔÇÿIlinguaÔÇÖ (voc├¬ est├í se esquecendo de usar uma diretiva ou uma refer├¬ncia de assembly?) [C:\Users\joaoc\OneDrive\Documentos\Trabalho - POO\Trabalho\Trabalho.csproj]
C:\Users\joaoc\OneDrive\Documentos\Trabalho - POO\Trabalho\MenuCliente.cs(312,41): error CS1061: ÔÇÿIlinguaÔÇÖ n├úo cont├®m uma defini├º├úo para "OpcaoInvalida" e n├úo foi poss├¡vel encontrar nenhum m├®todo de extens├úo "OpcaoInvalida" que aceite um primeiro argumento do tipo ÔÇÿIlinguaÔÇÖ (voc├¬ est├í se esquecendo de usar uma diretiva ou uma refer├¬ncia de assembly?) [C:\Users\joaoc\OneDrive\Documentos\Trabalho - POO\Trabalho\Trabalho.csproj]
C:\Users\joaoc\OneDrive\Documentos\Trabalho - POO\Trabalho\MenuADM.cs(478,25): error CS0165: Uso de vari├ível local n├úo atribu├¡da "dataFinal" [C:\Users\joaoc\OneDrive\Documentos\Trabalho - POO\Trabalho\Trabalho.csproj]
C:\Users\joaoc\OneDrive\Documentos\Trabalho - POO\Trabalho\MenuADM.cs(480,63): error CS0165: Uso de vari├ível local n├úo atribu├¡da "dataInicial" [C:\Users\joaoc\OneDrive\Documentos\Trabalho - POO\Trabalho\Trabalho.csproj]
C:\Users\joaoc\OneDrive\Documentos\Trabalho - POO\Trabalho\MenuADM.cs(540,64): error CS0165: Uso de vari├ível local n├úo atribu├¡da "idCliente" [C:\Users\joaoc\OneDrive\Documentos\Trabalho - POO\Trabalho\Trabalho.csproj]
C:\Users\joaoc\OneDrive\Documentos\Trabalho - POO\Trabalho\MenuADM.cs(644,25): error CS0165: Uso de vari├ível local n├úo atribu├¡da "dataFinal" [C:\Users\joaoc\OneDrive\Documentos\Trabalho - POO\Trabalho\Trabalho.csproj]
C:\Users\joaoc\OneDrive\Documentos\Trabalho - POO\Trabalho\MenuADM.cs(646,64): error CS0165: Uso de vari├ível local n├úo atribu├¡da "idCliente" [C:\Users\joaoc\OneDrive\Documentos\Trabalho - POO\Trabalho\Trabalho.csproj]
C:\Users\joaoc\OneDrive\Documentos\Trabalho - POO\Trabalho\MenuADM.cs(654,59): error CS0165: Uso de vari├ível local n├úo atribu├¡da "dataInicial" [C:\Users\joaoc\OneDrive\Documentos\Trabalho - POO\Trabalho\Trabalho.csproj]
    54 Aviso(s)
    13 Erro(s)

Tempo Decorrido 00:00:03.12
